[5f7ec2fb4c5f7.site123.me/index.html]
[cdn-cms.f-static.net/ready_uploads/media/179697/2000_5ceb938399a65.jpg]
[cdn-cms-s.f-static.net/manager/site123_website/files/logos/brand_files_2020/Icons/Png/Icon_bluef66a.png]
[cdn-cms-s.f-static.net/ready_uploads/pwaScreenLogo/pwaImage3803.png]
[cdn-cms-s.f-static.net/ready_uploads/pwaScreenLogo/pwaImagef260.png]
[cdn-cms-s.f-static.net/ready_uploads/pwaScreenLogo/pwaImage7de7.png]
[backblue.gif]
[fade.gif]
[index.html]
[cdn-cms-s.f-static.net/versions/2/css/minimize_mainf66a.css]
[cdn-cms-s.f-static.net/versions/2/css/websiteCSSef8f.css]
[cdn-cms.f-static.net/uploads/4336936/800_crop_5f7ece3231c81_5f7ecdba65b95.jpg]
[cdn-cms.f-static.net/uploads/4336936/400_crop_5f7ed60f56868_5f7ed600e8314.png]
[5f7ec2fb4c5f7.site123.me/my-skills/java.html]
[cdn-cms.f-static.net/uploads/4336936/400_crop_5f7ed861a904d_5f7ed84866d27.jpg]
[5f7ec2fb4c5f7.site123.me/my-skills/kotlin.html]
[cdn-cms.f-static.net/uploads/4336936/400_crop_5f7ed8f974bbe_5f7ed8ee5e8fd.jpg]
[5f7ec2fb4c5f7.site123.me/my-skills/android-studio.html]
[cdn-cms.f-static.net/uploads/4336936/400_crop_5f7eda5ebd2e3_5f7ed9d086f68.png]
[5f7ec2fb4c5f7.site123.me/my-skills/flutter.html]
[5f7ec2fb4c5f7.site123.me/education-experience-1/high-school-completion.html]
[cdn-cms-s.f-static.net/files/icons/socialNetworksBrands/telegram-iconf66a.png]
[5f7ec2fb4c5f7.site123.me/education-experience-1/started-bachelor-s-in-south-korea.html]
[cdn-cms-s.f-static.net/manager/site123_website/files/logos/brand_files_2020/Logo/Horizontal/PNG/Horizontal_Blackf66a.png]
[5f7ec2fb4c5f7.site123.me/5f7ec2fb4c5f7.site123.me]
[cdn-cms-s.f-static.net/versions/2/js/minimize_p1f66a.js]
[cdn-cms-s.f-static.net/versions/2/js/minimize_p2f66a.js]
[5f7ec2fb4c5f7.site123.me/index.html]
[cdn-cms-s.f-static.net/versions/2/wizard/statistics/js/generateStats-minf66a.js]
[cdn-cms-s.f-static.net/files/vendor/slick-1.8.1/slick/ajax-loader.gif]
[cdn-cms-s.f-static.net/versions/2/css/owl.video.play.png]
[cdn-cms-s.f-static.net/versions/2/css/minimize_mainf66a.css]
[cdn-cms-s.f-static.net/versions/2/css/websiteCSSef8f.css]
[cdn-cms-s.f-static.net/versions/2/css/minimize-dataf66a.css]
[cdn-cms-s.f-static.net/versions/2/js/minimize_p4f66a.js]
[5f7ec2fb4c5f7.site123.me/about-me.html]
[cdn-cms-s.f-static.net/versions/2/js/minimize_p3f66a.js]
[5f7ec2fb4c5f7.site123.me/my-skills.html]
[cdn-cms-s.f-static.net/versions/2/js/minimize_scriptsf66a.js]
[5f7ec2fb4c5f7.site123.me/education-experience-1.html]
[5f7ec2fb4c5f7.site123.me/contact.html]
[cdn-cms.f-static.net/uploads/4336936/800_crop_5f7ed60f56868_5f7ed600e8314.png]
[5f7ec2fb4c5f7.site123.me/my-skills/5f7ec2fb4c5f7.site123.me]
[5f7ec2fb4c5f7.site123.me/my-skills/java.html]
[cdn-cms-s.f-static.net/versions/2/js/minimize-dataf66a.js]
[cdn-cms.f-static.net/uploads/4336936/800_crop_5f7ed861a904d_5f7ed84866d27.jpg]
[5f7ec2fb4c5f7.site123.me/my-skills/kotlin.html]
[cdn-cms.f-static.net/uploads/4336936/800_crop_5f7ed8f974bbe_5f7ed8ee5e8fd.jpg]
[5f7ec2fb4c5f7.site123.me/my-skills/android-studio.html]
[cdn-cms.f-static.net/uploads/4336936/800_crop_5f7eda5ebd2e3_5f7ed9d086f68.png]
[5f7ec2fb4c5f7.site123.me/my-skills/flutter.html]
[5f7ec2fb4c5f7.site123.me/education-experience-1/5f7ec2fb4c5f7.site123.me]
[5f7ec2fb4c5f7.site123.me/education-experience-1/high-school-completion.html]
[5f7ec2fb4c5f7.site123.me/education-experience-1/started-bachelor-s-in-south-korea.html]
[5f7ec2fb4c5f7.site123.me/5f7ec2fb4c5f7.site123.html]
[cdn-cms-s.f-static.net/versions/2/css/owl.video.play.html]
[cdn-cms-s.f-static.net/versions/2/css/minimize-dataf66a.css]
[5f7ec2fb4c5f7.site123.me/about-me.html]
[5f7ec2fb4c5f7.site123.me/my-skills.html]
[5f7ec2fb4c5f7.site123.me/education-experience-1.html]
[5f7ec2fb4c5f7.site123.me/contact.html]
[5f7ec2fb4c5f7.site123.me/my-skills/5f7ec2fb4c5f7.site123.html]
[5f7ec2fb4c5f7.site123.me/education-experience-1/5f7ec2fb4c5f7.site123.html]
